module OpenSSL {

    header "include/openssl/crypto.h"
    header "include/openssl/aes.h"
    header "include/openssl/asn1.h"
    header "include/openssl/asn1t.h"
    header "include/openssl/bio.h"
    header "include/openssl/blowfish.h"
    header "include/openssl/bn.h"
    header "include/openssl/buffer.h"
    header "include/openssl/camellia.h"
    header "include/openssl/cast.h"
    header "include/openssl/cmac.h"
    header "include/openssl/cms.h"
    header "include/openssl/comp.h"
    header "include/openssl/conf_api.h"
    header "include/openssl/conf.h"
    header "include/openssl/crypto.h"
    header "include/openssl/des.h"
    header "include/openssl/dh.h"
    header "include/openssl/dsa.h"
    header "include/openssl/dso.h"
    header "include/openssl/dtls1.h"
    header "include/openssl/e_os2.h"
    header "include/openssl/ebcdic.h"
    header "include/openssl/ec.h"
    header "include/openssl/ecdh.h"
    header "include/openssl/ecdsa.h"
    header "include/openssl/engine.h"
    header "include/openssl/err.h"
    header "include/openssl/evp.h"
    header "include/openssl/hmac.h"
    header "include/openssl/idea.h"
    header "include/openssl/lhash.h"
    header "include/openssl/md4.h"
    header "include/openssl/md5.h"
    header "include/openssl/mdc2.h"
    header "include/openssl/modes.h"
    header "include/openssl/obj_mac.h"
    header "include/openssl/objects.h"
    header "include/openssl/ocsp.h"
    header "include/openssl/opensslconf.h"
    header "include/openssl/opensslv.h"
    header "include/openssl/ossl_typ.h"
    header "include/openssl/pem.h"
    header "include/openssl/pem2.h"
    header "include/openssl/pkcs7.h"
    header "include/openssl/pkcs12.h"
    header "include/openssl/pqueue.h"
    header "include/openssl/rand.h"
    header "include/openssl/ripemd.h"
    header "include/openssl/rsa.h"
    header "include/openssl/safestack.h"
    header "include/openssl/seed.h"
    header "include/openssl/sha.h"
    header "include/openssl/srp.h"
    header "include/openssl/srtp.h"
    header "include/openssl/ssl.h"
    header "include/openssl/ssl2.h"
    header "include/openssl/ssl3.h"
    header "include/openssl/stack.h"
    header "include/openssl/symhacks.h"
    header "include/openssl/tls1.h"
    header "include/openssl/ts.h"
    header "include/openssl/txt_db.h"
    header "include/openssl/ui.h"
    header "include/openssl/whrlpool.h"
    header "include/openssl/x509_vfy.h"
    header "include/openssl/x509.h"
    header "include/openssl/x509v3.h"

    export *
}
